[TAILING] Tailing last 50 lines for [aluguenahora-backend] process (change the value with --lines option)
/root/.pm2/logs/aluguenahora-backend-error.log last 50 lines:
6|aluguena | Error: /var/www/aluguenahora/backend/dist directory not found. Please run the build command before starting your application
6|aluguena |     at action (/var/www/aluguenahora/backend/node_modules/@strapi/strapi/dist/src/cli/commands/start.js:15:47)
6|aluguena | Error: /var/www/aluguenahora/backend/dist directory not found. Please run the build command before starting your application
6|aluguena |     at action (/var/www/aluguenahora/backend/node_modules/@strapi/strapi/dist/src/cli/commands/start.js:15:47)
6|aluguena | Error: /var/www/aluguenahora/backend/dist directory not found. Please run the build command before starting your application
6|aluguena |     at action (/var/www/aluguenahora/backend/node_modules/@strapi/strapi/dist/src/cli/commands/start.js:15:47)
6|aluguena | Error: /var/www/aluguenahora/backend/dist directory not found. Please run the build command before starting your application
6|aluguena |     at action (/var/www/aluguenahora/backend/node_modules/@strapi/strapi/dist/src/cli/commands/start.js:15:47)
6|aluguena | Error: /var/www/aluguenahora/backend/dist directory not found. Please run the build command before starting your application
6|aluguena |     at action (/var/www/aluguenahora/backend/node_modules/@strapi/strapi/dist/src/cli/commands/start.js:15:47)
6|aluguena | Error: /var/www/aluguenahora/backend/dist directory not found. Please run the build command before starting your application
6|aluguena |     at action (/var/www/aluguenahora/backend/node_modules/@strapi/strapi/dist/src/cli/commands/start.js:15:47)
6|aluguena | Error: /var/www/aluguenahora/backend/dist directory not found. Please run the build command before starting your application
6|aluguena |     at action (/var/www/aluguenahora/backend/node_modules/@strapi/strapi/dist/src/cli/commands/start.js:15:47)
6|aluguena | Error: /var/www/aluguenahora/backend/dist directory not found. Please run the build command before starting your application
6|aluguena |     at action (/var/www/aluguenahora/backend/node_modules/@strapi/strapi/dist/src/cli/commands/start.js:15:47)
6|aluguena | Error: /var/www/aluguenahora/backend/dist directory not found. Please run the build command before starting your application
6|aluguena |     at action (/var/www/aluguenahora/backend/node_modules/@strapi/strapi/dist/src/cli/commands/start.js:15:47)
6|aluguena | Error: /var/www/aluguenahora/backend/dist directory not found. Please run the build command before starting your application
6|aluguena |     at action (/var/www/aluguenahora/backend/node_modules/@strapi/strapi/dist/src/cli/commands/start.js:15:47)
6|aluguena | Error: /var/www/aluguenahora/backend/dist directory not found. Please run the build command before starting your application
6|aluguena |     at action (/var/www/aluguenahora/backend/node_modules/@strapi/strapi/dist/src/cli/commands/start.js:15:47)
6|aluguena | Error: /var/www/aluguenahora/backend/dist directory not found. Please run the build command before starting your application
6|aluguena |     at action (/var/www/aluguenahora/backend/node_modules/@strapi/strapi/dist/src/cli/commands/start.js:15:47)
6|aluguena | Error: /var/www/aluguenahora/backend/dist directory not found. Please run the build command before starting your application
6|aluguena |     at action (/var/www/aluguenahora/backend/node_modules/@strapi/strapi/dist/src/cli/commands/start.js:15:47)
6|aluguena | Error: /var/www/aluguenahora/backend/dist directory not found. Please run the build command before starting your application
6|aluguena |     at action (/var/www/aluguenahora/backend/node_modules/@strapi/strapi/dist/src/cli/commands/start.js:15:47)
6|aluguena | Error: /var/www/aluguenahora/backend/dist directory not found. Please run the build command before starting your application
6|aluguena |     at action (/var/www/aluguenahora/backend/node_modules/@strapi/strapi/dist/src/cli/commands/start.js:15:47)
6|aluguena | Error: /var/www/aluguenahora/backend/dist directory not found. Please run the build command before starting your application
6|aluguena |     at action (/var/www/aluguenahora/backend/node_modules/@strapi/strapi/dist/src/cli/commands/start.js:15:47)
6|aluguena | Error: /var/www/aluguenahora/backend/dist directory not found. Please run the build command before starting your application
6|aluguena |     at action (/var/www/aluguenahora/backend/node_modules/@strapi/strapi/dist/src/cli/commands/start.js:15:47)
6|aluguena | Error: /var/www/aluguenahora/backend/dist directory not found. Please run the build command before starting your application
6|aluguena |     at action (/var/www/aluguenahora/backend/node_modules/@strapi/strapi/dist/src/cli/commands/start.js:15:47)
6|aluguena | /var/www/aluguenahora/backend/node_modules/@strapi/admin/dist/server/server/src/destroy.js:6
6|aluguena |     const { conditionProvider, actionProvider } = index.getService('permission');
6|aluguena |             ^
6|aluguena | 
6|aluguena | TypeError: Cannot destructure property 'conditionProvider' of 'index.getService(...)' as it is undefined.
6|aluguena |     at destroy (/var/www/aluguenahora/backend/node_modules/@strapi/admin/dist/server/server/src/destroy.js:6:13)
6|aluguena |     at Object.destroy (/var/www/aluguenahora/backend/node_modules/@strapi/admin/dist/server/ee/server/src/destroy.js:6:11)
6|aluguena |     at Object.destroy (/var/www/aluguenahora/backend/node_modules/@strapi/admin/dist/server/ee/server/src/index.js:79:27)
6|aluguena |     at Object.destroy (/var/www/aluguenahora/backend/node_modules/@strapi/core/dist/providers/admin.js:23:36)
6|aluguena |     at Strapi.destroy (/var/www/aluguenahora/backend/node_modules/@strapi/core/dist/Strapi.js:426:37)
6|aluguena |     at process.processTicksAndRejections (node:internal/process/task_queues:95:5)
6|aluguena |     at async process.terminateStrapi (/var/www/aluguenahora/backend/node_modules/@strapi/core/dist/utils/signals.js:10:13)
6|aluguena | 
6|aluguena | Node.js v20.20.0

/root/.pm2/logs/aluguenahora-backend-out.log last 50 lines:
6|aluguena | error: alter table "public"."up_users_role_lnk" add constraint "up_users_role_lnk_fk" foreign key ("user_id") references "public"."up_users" ("id") on delete CASCADE - must be owner of table up_users_role_lnk
6|aluguena |     at Parser.parseErrorMessage (/var/www/aluguenahora/backend/node_modules/pg-protocol/dist/parser.js:285:98)
6|aluguena |     at Parser.handlePacket (/var/www/aluguenahora/backend/node_modules/pg-protocol/dist/parser.js:122:29)
6|aluguena |     at Parser.parse (/var/www/aluguenahora/backend/node_modules/pg-protocol/dist/parser.js:35:38)
6|aluguena |     at Socket.<anonymous> (/var/www/aluguenahora/backend/node_modules/pg-protocol/dist/index.js:11:42)
6|aluguena |     at Socket.emit (node:events:524:28)
6|aluguena |     at Socket.emit (node:domain:489:12)
6|aluguena |     at addChunk (node:internal/streams/readable:561:12)
6|aluguena |     at readableAddChunkPushByteMode (node:internal/streams/readable:512:3)
6|aluguena |     at Readable.push (node:internal/streams/readable:392:5)
6|aluguena |     at TCP.onStreamRead (node:internal/stream_base_commons:191:23)
6|aluguena | [2026-04-07 17:05:31.774] [32minfo[39m: Shutting down Strapi
6|aluguena | 
6|aluguena | > backend@0.1.0 start
6|aluguena | > strapi start
6|aluguena | 
6|aluguena | [2026-04-07 17:05:34.003] [31merror[39m: alter table "public"."up_users_role_lnk" add constraint "up_users_role_lnk_fk" foreign key ("user_id") references "public"."up_users" ("id") on delete CASCADE - must be owner of table up_users_role_lnk
6|aluguena | error: alter table "public"."up_users_role_lnk" add constraint "up_users_role_lnk_fk" foreign key ("user_id") references "public"."up_users" ("id") on delete CASCADE - must be owner of table up_users_role_lnk
6|aluguena |     at Parser.parseErrorMessage (/var/www/aluguenahora/backend/node_modules/pg-protocol/dist/parser.js:285:98)
6|aluguena |     at Parser.handlePacket (/var/www/aluguenahora/backend/node_modules/pg-protocol/dist/parser.js:122:29)
6|aluguena |     at Parser.parse (/var/www/aluguenahora/backend/node_modules/pg-protocol/dist/parser.js:35:38)
6|aluguena |     at Socket.<anonymous> (/var/www/aluguenahora/backend/node_modules/pg-protocol/dist/index.js:11:42)
6|aluguena |     at Socket.emit (node:events:524:28)
6|aluguena |     at Socket.emit (node:domain:489:12)
6|aluguena |     at addChunk (node:internal/streams/readable:561:12)
6|aluguena |     at readableAddChunkPushByteMode (node:internal/streams/readable:512:3)
6|aluguena |     at Readable.push (node:internal/streams/readable:392:5)
6|aluguena |     at TCP.onStreamRead (node:internal/stream_base_commons:191:23)
6|aluguena | [2026-04-07 17:05:34.003] [32minfo[39m: Shutting down Strapi
6|aluguena | 
6|aluguena | > backend@0.1.0 start
6|aluguena | > strapi start
6|aluguena | 
6|aluguena | [2026-04-07 17:05:36.116] [31merror[39m: alter table "public"."up_users_role_lnk" add constraint "up_users_role_lnk_fk" foreign key ("user_id") references "public"."up_users" ("id") on delete CASCADE - must be owner of table up_users_role_lnk
6|aluguena | error: alter table "public"."up_users_role_lnk" add constraint "up_users_role_lnk_fk" foreign key ("user_id") references "public"."up_users" ("id") on delete CASCADE - must be owner of table up_users_role_lnk
6|aluguena |     at Parser.parseErrorMessage (/var/www/aluguenahora/backend/node_modules/pg-protocol/dist/parser.js:285:98)
6|aluguena |     at Parser.handlePacket (/var/www/aluguenahora/backend/node_modules/pg-protocol/dist/parser.js:122:29)
6|aluguena |     at Parser.parse (/var/www/aluguenahora/backend/node_modules/pg-protocol/dist/parser.js:35:38)
6|aluguena |     at Socket.<anonymous> (/var/www/aluguenahora/backend/node_modules/pg-protocol/dist/index.js:11:42)
6|aluguena |     at Socket.emit (node:events:524:28)
6|aluguena |     at Socket.emit (node:domain:489:12)
6|aluguena |     at addChunk (node:internal/streams/readable:561:12)
6|aluguena |     at readableAddChunkPushByteMode (node:internal/streams/readable:512:3)
6|aluguena |     at Readable.push (node:internal/streams/readable:392:5)
6|aluguena |     at TCP.onStreamRead (node:internal/stream_base_commons:191:23)
6|aluguena | [2026-04-07 17:05:36.116] [32minfo[39m: Shutting down Strapi
6|aluguena | 
6|aluguena | > backend@0.1.0 start
6|aluguena | > strapi start
6|aluguena | 

